// Jest Snapshot v1, https://goo.gl/fbAQLP

exports[`<Button /> testing using snapshots renders Button with label "Click me 0" 1`] = `
<button
  onClick={[Function]}
>
  Click me
   
  <span>
    0
  </span>
</button>
`;
